// Jest Snapshot v1, https://goo.gl/fbAQLP

exports[`Solucion Rendering the simple component 1`] = `
ShallowWrapper {
  Symbol(enzyme.__root__): [Circular],
  Symbol(enzyme.__unrendered__): <Solucion />,
  Symbol(enzyme.__renderer__): Object {
    "batchedUpdates": [Function],
    "getNode": [Function],
    "render": [Function],
    "simulateEvent": [Function],
    "unmount": [Function],
  },
  Symbol(enzyme.__node__): Object {
    "instance": null,
    "key": undefined,
    "nodeType": "host",
    "props": Object {
      "children": <div
        className="row"
      >
        <li
          className="list-group-item"
        >
          Solución: 
          <strong />
           y Puntuacion: 
          <strong>
             %
          </strong>
        </li>
      </div>,
      "className": "box-header with-border",
    },
    "ref": null,
    "rendered": Object {
      "instance": null,
      "key": undefined,
      "nodeType": "host",
      "props": Object {
        "children": <li
          className="list-group-item"
        >
          Solución: 
          <strong />
           y Puntuacion: 
          <strong>
             %
          </strong>
        </li>,
        "className": "row",
      },
      "ref": null,
      "rendered": Object {
        "instance": null,
        "key": undefined,
        "nodeType": "host",
        "props": Object {
          "children": Array [
            "Solución: ",
            <strong />,
            " y Puntuacion: ",
            <strong>
               %
            </strong>,
          ],
          "className": "list-group-item",
        },
        "ref": null,
        "rendered": Array [
          "Solución: ",
          Object {
            "instance": null,
            "key": undefined,
            "nodeType": "host",
            "props": Object {
              "children": undefined,
            },
            "ref": null,
            "rendered": null,
            "type": "strong",
          },
          " y Puntuacion: ",
          Object {
            "instance": null,
            "key": undefined,
            "nodeType": "host",
            "props": Object {
              "children": Array [
                undefined,
                " %",
              ],
            },
            "ref": null,
            "rendered": Array [
              undefined,
              " %",
            ],
            "type": "strong",
          },
        ],
        "type": "li",
      },
      "type": "div",
    },
    "type": "div",
  },
  Symbol(enzyme.__nodes__): Array [
    Object {
      "instance": null,
      "key": undefined,
      "nodeType": "host",
      "props": Object {
        "children": <div
          className="row"
        >
          <li
            className="list-group-item"
          >
            Solución: 
            <strong />
             y Puntuacion: 
            <strong>
               %
            </strong>
          </li>
        </div>,
        "className": "box-header with-border",
      },
      "ref": null,
      "rendered": Object {
        "instance": null,
        "key": undefined,
        "nodeType": "host",
        "props": Object {
          "children": <li
            className="list-group-item"
          >
            Solución: 
            <strong />
             y Puntuacion: 
            <strong>
               %
            </strong>
          </li>,
          "className": "row",
        },
        "ref": null,
        "rendered": Object {
          "instance": null,
          "key": undefined,
          "nodeType": "host",
          "props": Object {
            "children": Array [
              "Solución: ",
              <strong />,
              " y Puntuacion: ",
              <strong>
                 %
              </strong>,
            ],
            "className": "list-group-item",
          },
          "ref": null,
          "rendered": Array [
            "Solución: ",
            Object {
              "instance": null,
              "key": undefined,
              "nodeType": "host",
              "props": Object {
                "children": undefined,
              },
              "ref": null,
              "rendered": null,
              "type": "strong",
            },
            " y Puntuacion: ",
            Object {
              "instance": null,
              "key": undefined,
              "nodeType": "host",
              "props": Object {
                "children": Array [
                  undefined,
                  " %",
                ],
              },
              "ref": null,
              "rendered": Array [
                undefined,
                " %",
              ],
              "type": "strong",
            },
          ],
          "type": "li",
        },
        "type": "div",
      },
      "type": "div",
    },
  ],
  Symbol(enzyme.__options__): Object {
    "adapter": ReactSixteenAdapter {
      "options": Object {
        "enableComponentDidUpdateOnSetState": true,
        "lifecycles": Object {
          "componentDidUpdate": Object {
            "onSetState": true,
          },
          "getDerivedStateFromProps": true,
          "getSnapshotBeforeUpdate": true,
          "setState": Object {
            "skipsComponentDidUpdateOnNullish": true,
          },
        },
      },
    },
    "attachTo": undefined,
    "hydrateIn": undefined,
  },
}
`;
