// Jest Snapshot v1, https://goo.gl/fbAQLP

exports[`Riddle Rendering the simple component 1`] = `
ShallowWrapper {
  Symbol(enzyme.__root__): [Circular],
  Symbol(enzyme.__unrendered__): <Riddle />,
  Symbol(enzyme.__renderer__): Object {
    "batchedUpdates": [Function],
    "getNode": [Function],
    "render": [Function],
    "simulateEvent": [Function],
    "unmount": [Function],
  },
  Symbol(enzyme.__node__): Object {
    "instance": null,
    "key": undefined,
    "nodeType": "host",
    "props": Object {
      "children": <div
        className="box-header with-border"
      >
        <div
          className="row"
        >
          <strong />
          <p />
          <p
            className="text-success"
          >
            <strong>
              por defecto
              %
            </strong>
          </p>
          <p>
            por defecto
          </p>
          <ul
            className="list-group"
          >
            <li
              className="list-group-item"
            >
              por defecto
            </li>
            <li
              className="list-group-item"
            >
              por defecto
            </li>
            <li
              className="list-group-item"
            >
              por defecto
            </li>
          </ul>
          <textarea
            className="form-control"
            onChange={[Function]}
            rows="5"
            value=""
          />
          <p />
          <button
            className="btn btn-default"
            type="submit"
          >
            Enviar Solucion
          </button>
          <p />
          <br />
          <br />
          <br />
          <div>
            <div />
          </div>
          <p>
            <button
              className="btn btn-default"
              onClick={[Function]}
              type="button"
            >
              Ver Soluciones propuestas
            </button>
          </p>
        </div>
      </div>,
      "onSubmit": [Function],
    },
    "ref": null,
    "rendered": Object {
      "instance": null,
      "key": undefined,
      "nodeType": "host",
      "props": Object {
        "children": <div
          className="row"
        >
          <strong />
          <p />
          <p
            className="text-success"
          >
            <strong>
              por defecto
              %
            </strong>
          </p>
          <p>
            por defecto
          </p>
          <ul
            className="list-group"
          >
            <li
              className="list-group-item"
            >
              por defecto
            </li>
            <li
              className="list-group-item"
            >
              por defecto
            </li>
            <li
              className="list-group-item"
            >
              por defecto
            </li>
          </ul>
          <textarea
            className="form-control"
            onChange={[Function]}
            rows="5"
            value=""
          />
          <p />
          <button
            className="btn btn-default"
            type="submit"
          >
            Enviar Solucion
          </button>
          <p />
          <br />
          <br />
          <br />
          <div>
            <div />
          </div>
          <p>
            <button
              className="btn btn-default"
              onClick={[Function]}
              type="button"
            >
              Ver Soluciones propuestas
            </button>
          </p>
        </div>,
        "className": "box-header with-border",
      },
      "ref": null,
      "rendered": Object {
        "instance": null,
        "key": undefined,
        "nodeType": "host",
        "props": Object {
          "children": Array [
            <strong />,
            <p />,
            <p
              className="text-success"
            >
              <strong>
                por defecto
                %
              </strong>
            </p>,
            <p>
              por defecto
            </p>,
            <ul
              className="list-group"
            >
              <li
                className="list-group-item"
              >
                por defecto
              </li>
              <li
                className="list-group-item"
              >
                por defecto
              </li>
              <li
                className="list-group-item"
              >
                por defecto
              </li>
            </ul>,
            <textarea
              className="form-control"
              onChange={[Function]}
              rows="5"
              value=""
            />,
            <p />,
            <button
              className="btn btn-default"
              type="submit"
            >
              Enviar Solucion
            </button>,
            <p />,
            <br />,
            <br />,
            <br />,
            <div>
              <div />
            </div>,
            <p>
              <button
                className="btn btn-default"
                onClick={[Function]}
                type="button"
              >
                Ver Soluciones propuestas
              </button>
            </p>,
          ],
          "className": "row",
        },
        "ref": null,
        "rendered": Array [
          Object {
            "instance": null,
            "key": undefined,
            "nodeType": "host",
            "props": Object {
              "children": undefined,
            },
            "ref": null,
            "rendered": null,
            "type": "strong",
          },
          Object {
            "instance": null,
            "key": undefined,
            "nodeType": "host",
            "props": Object {},
            "ref": null,
            "rendered": null,
            "type": "p",
          },
          Object {
            "instance": null,
            "key": undefined,
            "nodeType": "host",
            "props": Object {
              "children": <strong>
                por defecto
                %
              </strong>,
              "className": "text-success",
            },
            "ref": null,
            "rendered": Object {
              "instance": null,
              "key": undefined,
              "nodeType": "host",
              "props": Object {
                "children": Array [
                  "por defecto",
                  "%",
                ],
              },
              "ref": null,
              "rendered": Array [
                "por defecto",
                "%",
              ],
              "type": "strong",
            },
            "type": "p",
          },
          Object {
            "instance": null,
            "key": undefined,
            "nodeType": "host",
            "props": Object {
              "children": "por defecto",
            },
            "ref": null,
            "rendered": "por defecto",
            "type": "p",
          },
          Object {
            "instance": null,
            "key": undefined,
            "nodeType": "host",
            "props": Object {
              "children": Array [
                <li
                  className="list-group-item"
                >
                  por defecto
                </li>,
                <li
                  className="list-group-item"
                >
                  por defecto
                </li>,
                <li
                  className="list-group-item"
                >
                  por defecto
                </li>,
              ],
              "className": "list-group",
            },
            "ref": null,
            "rendered": Array [
              Object {
                "instance": null,
                "key": undefined,
                "nodeType": "host",
                "props": Object {
                  "children": "por defecto",
                  "className": "list-group-item",
                },
                "ref": null,
                "rendered": "por defecto",
                "type": "li",
              },
              Object {
                "instance": null,
                "key": undefined,
                "nodeType": "host",
                "props": Object {
                  "children": "por defecto",
                  "className": "list-group-item",
                },
                "ref": null,
                "rendered": "por defecto",
                "type": "li",
              },
              Object {
                "instance": null,
                "key": undefined,
                "nodeType": "host",
                "props": Object {
                  "children": "por defecto",
                  "className": "list-group-item",
                },
                "ref": null,
                "rendered": "por defecto",
                "type": "li",
              },
            ],
            "type": "ul",
          },
          Object {
            "instance": null,
            "key": undefined,
            "nodeType": "host",
            "props": Object {
              "className": "form-control",
              "onChange": [Function],
              "rows": "5",
              "value": "",
            },
            "ref": null,
            "rendered": null,
            "type": "textarea",
          },
          Object {
            "instance": null,
            "key": undefined,
            "nodeType": "host",
            "props": Object {},
            "ref": null,
            "rendered": null,
            "type": "p",
          },
          Object {
            "instance": null,
            "key": undefined,
            "nodeType": "host",
            "props": Object {
              "children": "Enviar Solucion",
              "className": "btn btn-default",
              "type": "submit",
            },
            "ref": null,
            "rendered": "Enviar Solucion",
            "type": "button",
          },
          Object {
            "instance": null,
            "key": undefined,
            "nodeType": "host",
            "props": Object {},
            "ref": null,
            "rendered": null,
            "type": "p",
          },
          Object {
            "instance": null,
            "key": undefined,
            "nodeType": "host",
            "props": Object {},
            "ref": null,
            "rendered": null,
            "type": "br",
          },
          Object {
            "instance": null,
            "key": undefined,
            "nodeType": "host",
            "props": Object {},
            "ref": null,
            "rendered": null,
            "type": "br",
          },
          Object {
            "instance": null,
            "key": undefined,
            "nodeType": "host",
            "props": Object {},
            "ref": null,
            "rendered": null,
            "type": "br",
          },
          Object {
            "instance": null,
            "key": undefined,
            "nodeType": "host",
            "props": Object {
              "children": <div />,
            },
            "ref": null,
            "rendered": Object {
              "instance": null,
              "key": undefined,
              "nodeType": "host",
              "props": Object {
                "children": Array [],
              },
              "ref": null,
              "rendered": Array [],
              "type": "div",
            },
            "type": "div",
          },
          Object {
            "instance": null,
            "key": undefined,
            "nodeType": "host",
            "props": Object {
              "children": <button
                className="btn btn-default"
                onClick={[Function]}
                type="button"
              >
                Ver Soluciones propuestas
              </button>,
            },
            "ref": null,
            "rendered": Object {
              "instance": null,
              "key": undefined,
              "nodeType": "host",
              "props": Object {
                "children": "Ver Soluciones propuestas",
                "className": "btn btn-default",
                "onClick": [Function],
                "type": "button",
              },
              "ref": null,
              "rendered": "Ver Soluciones propuestas",
              "type": "button",
            },
            "type": "p",
          },
        ],
        "type": "div",
      },
      "type": "div",
    },
    "type": "form",
  },
  Symbol(enzyme.__nodes__): Array [
    Object {
      "instance": null,
      "key": undefined,
      "nodeType": "host",
      "props": Object {
        "children": <div
          className="box-header with-border"
        >
          <div
            className="row"
          >
            <strong />
            <p />
            <p
              className="text-success"
            >
              <strong>
                por defecto
                %
              </strong>
            </p>
            <p>
              por defecto
            </p>
            <ul
              className="list-group"
            >
              <li
                className="list-group-item"
              >
                por defecto
              </li>
              <li
                className="list-group-item"
              >
                por defecto
              </li>
              <li
                className="list-group-item"
              >
                por defecto
              </li>
            </ul>
            <textarea
              className="form-control"
              onChange={[Function]}
              rows="5"
              value=""
            />
            <p />
            <button
              className="btn btn-default"
              type="submit"
            >
              Enviar Solucion
            </button>
            <p />
            <br />
            <br />
            <br />
            <div>
              <div />
            </div>
            <p>
              <button
                className="btn btn-default"
                onClick={[Function]}
                type="button"
              >
                Ver Soluciones propuestas
              </button>
            </p>
          </div>
        </div>,
        "onSubmit": [Function],
      },
      "ref": null,
      "rendered": Object {
        "instance": null,
        "key": undefined,
        "nodeType": "host",
        "props": Object {
          "children": <div
            className="row"
          >
            <strong />
            <p />
            <p
              className="text-success"
            >
              <strong>
                por defecto
                %
              </strong>
            </p>
            <p>
              por defecto
            </p>
            <ul
              className="list-group"
            >
              <li
                className="list-group-item"
              >
                por defecto
              </li>
              <li
                className="list-group-item"
              >
                por defecto
              </li>
              <li
                className="list-group-item"
              >
                por defecto
              </li>
            </ul>
            <textarea
              className="form-control"
              onChange={[Function]}
              rows="5"
              value=""
            />
            <p />
            <button
              className="btn btn-default"
              type="submit"
            >
              Enviar Solucion
            </button>
            <p />
            <br />
            <br />
            <br />
            <div>
              <div />
            </div>
            <p>
              <button
                className="btn btn-default"
                onClick={[Function]}
                type="button"
              >
                Ver Soluciones propuestas
              </button>
            </p>
          </div>,
          "className": "box-header with-border",
        },
        "ref": null,
        "rendered": Object {
          "instance": null,
          "key": undefined,
          "nodeType": "host",
          "props": Object {
            "children": Array [
              <strong />,
              <p />,
              <p
                className="text-success"
              >
                <strong>
                  por defecto
                  %
                </strong>
              </p>,
              <p>
                por defecto
              </p>,
              <ul
                className="list-group"
              >
                <li
                  className="list-group-item"
                >
                  por defecto
                </li>
                <li
                  className="list-group-item"
                >
                  por defecto
                </li>
                <li
                  className="list-group-item"
                >
                  por defecto
                </li>
              </ul>,
              <textarea
                className="form-control"
                onChange={[Function]}
                rows="5"
                value=""
              />,
              <p />,
              <button
                className="btn btn-default"
                type="submit"
              >
                Enviar Solucion
              </button>,
              <p />,
              <br />,
              <br />,
              <br />,
              <div>
                <div />
              </div>,
              <p>
                <button
                  className="btn btn-default"
                  onClick={[Function]}
                  type="button"
                >
                  Ver Soluciones propuestas
                </button>
              </p>,
            ],
            "className": "row",
          },
          "ref": null,
          "rendered": Array [
            Object {
              "instance": null,
              "key": undefined,
              "nodeType": "host",
              "props": Object {
                "children": undefined,
              },
              "ref": null,
              "rendered": null,
              "type": "strong",
            },
            Object {
              "instance": null,
              "key": undefined,
              "nodeType": "host",
              "props": Object {},
              "ref": null,
              "rendered": null,
              "type": "p",
            },
            Object {
              "instance": null,
              "key": undefined,
              "nodeType": "host",
              "props": Object {
                "children": <strong>
                  por defecto
                  %
                </strong>,
                "className": "text-success",
              },
              "ref": null,
              "rendered": Object {
                "instance": null,
                "key": undefined,
                "nodeType": "host",
                "props": Object {
                  "children": Array [
                    "por defecto",
                    "%",
                  ],
                },
                "ref": null,
                "rendered": Array [
                  "por defecto",
                  "%",
                ],
                "type": "strong",
              },
              "type": "p",
            },
            Object {
              "instance": null,
              "key": undefined,
              "nodeType": "host",
              "props": Object {
                "children": "por defecto",
              },
              "ref": null,
              "rendered": "por defecto",
              "type": "p",
            },
            Object {
              "instance": null,
              "key": undefined,
              "nodeType": "host",
              "props": Object {
                "children": Array [
                  <li
                    className="list-group-item"
                  >
                    por defecto
                  </li>,
                  <li
                    className="list-group-item"
                  >
                    por defecto
                  </li>,
                  <li
                    className="list-group-item"
                  >
                    por defecto
                  </li>,
                ],
                "className": "list-group",
              },
              "ref": null,
              "rendered": Array [
                Object {
                  "instance": null,
                  "key": undefined,
                  "nodeType": "host",
                  "props": Object {
                    "children": "por defecto",
                    "className": "list-group-item",
                  },
                  "ref": null,
                  "rendered": "por defecto",
                  "type": "li",
                },
                Object {
                  "instance": null,
                  "key": undefined,
                  "nodeType": "host",
                  "props": Object {
                    "children": "por defecto",
                    "className": "list-group-item",
                  },
                  "ref": null,
                  "rendered": "por defecto",
                  "type": "li",
                },
                Object {
                  "instance": null,
                  "key": undefined,
                  "nodeType": "host",
                  "props": Object {
                    "children": "por defecto",
                    "className": "list-group-item",
                  },
                  "ref": null,
                  "rendered": "por defecto",
                  "type": "li",
                },
              ],
              "type": "ul",
            },
            Object {
              "instance": null,
              "key": undefined,
              "nodeType": "host",
              "props": Object {
                "className": "form-control",
                "onChange": [Function],
                "rows": "5",
                "value": "",
              },
              "ref": null,
              "rendered": null,
              "type": "textarea",
            },
            Object {
              "instance": null,
              "key": undefined,
              "nodeType": "host",
              "props": Object {},
              "ref": null,
              "rendered": null,
              "type": "p",
            },
            Object {
              "instance": null,
              "key": undefined,
              "nodeType": "host",
              "props": Object {
                "children": "Enviar Solucion",
                "className": "btn btn-default",
                "type": "submit",
              },
              "ref": null,
              "rendered": "Enviar Solucion",
              "type": "button",
            },
            Object {
              "instance": null,
              "key": undefined,
              "nodeType": "host",
              "props": Object {},
              "ref": null,
              "rendered": null,
              "type": "p",
            },
            Object {
              "instance": null,
              "key": undefined,
              "nodeType": "host",
              "props": Object {},
              "ref": null,
              "rendered": null,
              "type": "br",
            },
            Object {
              "instance": null,
              "key": undefined,
              "nodeType": "host",
              "props": Object {},
              "ref": null,
              "rendered": null,
              "type": "br",
            },
            Object {
              "instance": null,
              "key": undefined,
              "nodeType": "host",
              "props": Object {},
              "ref": null,
              "rendered": null,
              "type": "br",
            },
            Object {
              "instance": null,
              "key": undefined,
              "nodeType": "host",
              "props": Object {
                "children": <div />,
              },
              "ref": null,
              "rendered": Object {
                "instance": null,
                "key": undefined,
                "nodeType": "host",
                "props": Object {
                  "children": Array [],
                },
                "ref": null,
                "rendered": Array [],
                "type": "div",
              },
              "type": "div",
            },
            Object {
              "instance": null,
              "key": undefined,
              "nodeType": "host",
              "props": Object {
                "children": <button
                  className="btn btn-default"
                  onClick={[Function]}
                  type="button"
                >
                  Ver Soluciones propuestas
                </button>,
              },
              "ref": null,
              "rendered": Object {
                "instance": null,
                "key": undefined,
                "nodeType": "host",
                "props": Object {
                  "children": "Ver Soluciones propuestas",
                  "className": "btn btn-default",
                  "onClick": [Function],
                  "type": "button",
                },
                "ref": null,
                "rendered": "Ver Soluciones propuestas",
                "type": "button",
              },
              "type": "p",
            },
          ],
          "type": "div",
        },
        "type": "div",
      },
      "type": "form",
    },
  ],
  Symbol(enzyme.__options__): Object {
    "adapter": ReactSixteenAdapter {
      "options": Object {
        "enableComponentDidUpdateOnSetState": true,
        "lifecycles": Object {
          "componentDidUpdate": Object {
            "onSetState": true,
          },
          "getDerivedStateFromProps": true,
          "getSnapshotBeforeUpdate": true,
          "setState": Object {
            "skipsComponentDidUpdateOnNullish": true,
          },
        },
      },
    },
    "attachTo": undefined,
    "hydrateIn": undefined,
  },
}
`;
